// Jest Snapshot v1, https://goo.gl/fbAQLP

exports[`<App> render 1`] = `
<div
  className="App"
>
  <div
    className="container"
  >
    <button
      className="button"
      disabled={false}
      onClick={[Function]}
      type="submit"
    >
      <span>
        add
      </span>
    </button>
  </div>
  <div
    className="container"
  >
    <div
      className="container"
    >
      <p
        className="name"
      >
        Vero
      </p>
      <p
        className="bags"
      >
        3
      </p>
    </div>
  </div>
</div>
`;
