// Jest Snapshot v1, https://goo.gl/fbAQLP

exports[`<Counter> render 1`] = `
<div
  className="container"
>
  <button
    className="button"
    disabled={false}
    id="buttonMinus"
    onClick={[Function]}
    type="submit"
  >
    <span>
      -
    </span>
  </button>
  <p
    className="text"
  >
    1
  </p>
  <button
    className="button"
    disabled={false}
    id="buttonPlus"
    onClick={[Function]}
    type="submit"
  >
    <span>
      +
    </span>
  </button>
</div>
`;
